  Determining projects to restore...
  All projects are up-to-date for restore.
  InvoiceSaaS.Domain -> C:\Karthickkumar Murali\KKS\InvoiceSaaS.Domain\bin\Debug\net8.0\InvoiceSaaS.Domain.dll
  InvoiceSaaS.Application -> C:\Karthickkumar Murali\KKS\InvoiceSaaS.Application\bin\Debug\net8.0\InvoiceSaaS.Application.dll
  InvoiceSaaS.Infrastructure -> C:\Karthickkumar Murali\KKS\InvoiceSaaS.Infrastructure\bin\Debug\net8.0\InvoiceSaaS.Infrastructure.dll
C:\Program Files\dotnet\sdk\9.0.100\Microsoft.Common.CurrentVersion.targets(5035,5): warning MSB3026: Could not copy "C:\Karthickkumar Murali\KKS\InvoiceSaaS.Domain\bin\Debug\net8.0\InvoiceSaaS.Domain.dll" to "bin\Debug\net8.0\InvoiceSaaS.Domain.dll". Beginning retry 1 in 1000ms. The process cannot access the file 'C:\Karthickkumar Murali\KKS\InvoiceSaaS.API\bin\Debug\net8.0\InvoiceSaaS.Domain.dll' because it is being used by another process. The file is locked by: "IIS Express Worker Process (28528)" [C:\Karthickkumar Murali\KKS\InvoiceSaaS.API\InvoiceSaaS.API.csproj]
C:\Program Files\dotnet\sdk\9.0.100\Microsoft.Common.CurrentVersion.targets(5035,5): warning MSB3026: Could not copy "C:\Karthickkumar Murali\KKS\InvoiceSaaS.Application\bin\Debug\net8.0\InvoiceSaaS.Application.dll" to "bin\Debug\net8.0\InvoiceSaaS.Application.dll". Beginning retry 1 in 1000ms. The process cannot access the file 'C:\Karthickkumar Murali\KKS\InvoiceSaaS.API\bin\Debug\net8.0\InvoiceSaaS.Application.dll' because it is being used by another process. The file is locked by: "Microsoft Visual Studio 2022 (19224), IIS Express Worker Process (28528)" [C:\Karthickkumar Murali\KKS\InvoiceSaaS.API\InvoiceSaaS.API.csproj]
C:\Program Files\dotnet\sdk\9.0.100\Microsoft.Common.CurrentVersion.targets(5035,5): warning MSB3026: Could not copy "C:\Karthickkumar Murali\KKS\InvoiceSaaS.Infrastructure\bin\Debug\net8.0\InvoiceSaaS.Infrastructure.dll" to "bin\Debug\net8.0\InvoiceSaaS.Infrastructure.dll". Beginning retry 1 in 1000ms. The process cannot access the file 'C:\Karthickkumar Murali\KKS\InvoiceSaaS.API\bin\Debug\net8.0\InvoiceSaaS.Infrastructure.dll' because it is being used by another process. The file is locked by: "IIS Express Worker Process (28528)" [C:\Karthickkumar Murali\KKS\InvoiceSaaS.API\InvoiceSaaS.API.csproj]
C:\Program Files\dotnet\sdk\9.0.100\Microsoft.Common.CurrentVersion.targets(5035,5): warning MSB3026: Could not copy "C:\Karthickkumar Murali\KKS\InvoiceSaaS.Infrastructure\bin\Debug\net8.0\InvoiceSaaS.Infrastructure.dll" to "bin\Debug\net8.0\InvoiceSaaS.Infrastructure.dll". Beginning retry 2 in 1000ms. The process cannot access the file 'C:\Karthickkumar Murali\KKS\InvoiceSaaS.API\bin\Debug\net8.0\InvoiceSaaS.Infrastructure.dll' because it is being used by another process. The file is locked by: "IIS Express Worker Process (28528)" [C:\Karthickkumar Murali\KKS\InvoiceSaaS.API\InvoiceSaaS.API.csproj]
C:\Program Files\dotnet\sdk\9.0.100\Microsoft.Common.CurrentVersion.targets(5035,5): warning MSB3026: Could not copy "C:\Karthickkumar Murali\KKS\InvoiceSaaS.Domain\bin\Debug\net8.0\InvoiceSaaS.Domain.dll" to "bin\Debug\net8.0\InvoiceSaaS.Domain.dll". Beginning retry 2 in 1000ms. The process cannot access the file 'C:\Karthickkumar Murali\KKS\InvoiceSaaS.API\bin\Debug\net8.0\InvoiceSaaS.Domain.dll' because it is being used by another process. The file is locked by: "IIS Express Worker Process (28528)" [C:\Karthickkumar Murali\KKS\InvoiceSaaS.API\InvoiceSaaS.API.csproj]
C:\Program Files\dotnet\sdk\9.0.100\Microsoft.Common.CurrentVersion.targets(5035,5): warning MSB3026: Could not copy "C:\Karthickkumar Murali\KKS\InvoiceSaaS.Application\bin\Debug\net8.0\InvoiceSaaS.Application.dll" to "bin\Debug\net8.0\InvoiceSaaS.Application.dll". Beginning retry 2 in 1000ms. The process cannot access the file 'C:\Karthickkumar Murali\KKS\InvoiceSaaS.API\bin\Debug\net8.0\InvoiceSaaS.Application.dll' because it is being used by another process. The file is locked by: "Microsoft Visual Studio 2022 (19224), IIS Express Worker Process (28528)" [C:\Karthickkumar Murali\KKS\InvoiceSaaS.API\InvoiceSaaS.API.csproj]
C:\Program Files\dotnet\sdk\9.0.100\Microsoft.Common.CurrentVersion.targets(5035,5): warning MSB3026: Could not copy "C:\Karthickkumar Murali\KKS\InvoiceSaaS.Infrastructure\bin\Debug\net8.0\InvoiceSaaS.Infrastructure.dll" to "bin\Debug\net8.0\InvoiceSaaS.Infrastructure.dll". Beginning retry 3 in 1000ms. The process cannot access the file 'C:\Karthickkumar Murali\KKS\InvoiceSaaS.API\bin\Debug\net8.0\InvoiceSaaS.Infrastructure.dll' because it is being used by another process. The file is locked by: "IIS Express Worker Process (28528)" [C:\Karthickkumar Murali\KKS\InvoiceSaaS.API\InvoiceSaaS.API.csproj]
C:\Program Files\dotnet\sdk\9.0.100\Microsoft.Common.CurrentVersion.targets(5035,5): warning MSB3026: Could not copy "C:\Karthickkumar Murali\KKS\InvoiceSaaS.Domain\bin\Debug\net8.0\InvoiceSaaS.Domain.dll" to "bin\Debug\net8.0\InvoiceSaaS.Domain.dll". Beginning retry 3 in 1000ms. The process cannot access the file 'C:\Karthickkumar Murali\KKS\InvoiceSaaS.API\bin\Debug\net8.0\InvoiceSaaS.Domain.dll' because it is being used by another process. The file is locked by: "IIS Express Worker Process (28528)" [C:\Karthickkumar Murali\KKS\InvoiceSaaS.API\InvoiceSaaS.API.csproj]
C:\Program Files\dotnet\sdk\9.0.100\Microsoft.Common.CurrentVersion.targets(5035,5): warning MSB3026: Could not copy "C:\Karthickkumar Murali\KKS\InvoiceSaaS.Application\bin\Debug\net8.0\InvoiceSaaS.Application.dll" to "bin\Debug\net8.0\InvoiceSaaS.Application.dll". Beginning retry 3 in 1000ms. The process cannot access the file 'C:\Karthickkumar Murali\KKS\InvoiceSaaS.API\bin\Debug\net8.0\InvoiceSaaS.Application.dll' because it is being used by another process. The file is locked by: "Microsoft Visual Studio 2022 (19224), IIS Express Worker Process (28528)" [C:\Karthickkumar Murali\KKS\InvoiceSaaS.API\InvoiceSaaS.API.csproj]
C:\Program Files\dotnet\sdk\9.0.100\Microsoft.Common.CurrentVersion.targets(5035,5): warning MSB3026: Could not copy "C:\Karthickkumar Murali\KKS\InvoiceSaaS.Infrastructure\bin\Debug\net8.0\InvoiceSaaS.Infrastructure.dll" to "bin\Debug\net8.0\InvoiceSaaS.Infrastructure.dll". Beginning retry 4 in 1000ms. The process cannot access the file 'C:\Karthickkumar Murali\KKS\InvoiceSaaS.API\bin\Debug\net8.0\InvoiceSaaS.Infrastructure.dll' because it is being used by another process. The file is locked by: "IIS Express Worker Process (28528)" [C:\Karthickkumar Murali\KKS\InvoiceSaaS.API\InvoiceSaaS.API.csproj]
C:\Program Files\dotnet\sdk\9.0.100\Microsoft.Common.CurrentVersion.targets(5035,5): warning MSB3026: Could not copy "C:\Karthickkumar Murali\KKS\InvoiceSaaS.Domain\bin\Debug\net8.0\InvoiceSaaS.Domain.dll" to "bin\Debug\net8.0\InvoiceSaaS.Domain.dll". Beginning retry 4 in 1000ms. The process cannot access the file 'C:\Karthickkumar Murali\KKS\InvoiceSaaS.API\bin\Debug\net8.0\InvoiceSaaS.Domain.dll' because it is being used by another process. The file is locked by: "IIS Express Worker Process (28528)" [C:\Karthickkumar Murali\KKS\InvoiceSaaS.API\InvoiceSaaS.API.csproj]
C:\Program Files\dotnet\sdk\9.0.100\Microsoft.Common.CurrentVersion.targets(5035,5): warning MSB3026: Could not copy "C:\Karthickkumar Murali\KKS\InvoiceSaaS.Application\bin\Debug\net8.0\InvoiceSaaS.Application.dll" to "bin\Debug\net8.0\InvoiceSaaS.Application.dll". Beginning retry 4 in 1000ms. The process cannot access the file 'C:\Karthickkumar Murali\KKS\InvoiceSaaS.API\bin\Debug\net8.0\InvoiceSaaS.Application.dll' because it is being used by another process. The file is locked by: "Microsoft Visual Studio 2022 (19224), IIS Express Worker Process (28528)" [C:\Karthickkumar Murali\KKS\InvoiceSaaS.API\InvoiceSaaS.API.csproj]
C:\Program Files\dotnet\sdk\9.0.100\Microsoft.Common.CurrentVersion.targets(5035,5): warning MSB3026: Could not copy "C:\Karthickkumar Murali\KKS\InvoiceSaaS.Infrastructure\bin\Debug\net8.0\InvoiceSaaS.Infrastructure.dll" to "bin\Debug\net8.0\InvoiceSaaS.Infrastructure.dll". Beginning retry 5 in 1000ms. The process cannot access the file 'C:\Karthickkumar Murali\KKS\InvoiceSaaS.API\bin\Debug\net8.0\InvoiceSaaS.Infrastructure.dll' because it is being used by another process. The file is locked by: "IIS Express Worker Process (28528)" [C:\Karthickkumar Murali\KKS\InvoiceSaaS.API\InvoiceSaaS.API.csproj]
C:\Program Files\dotnet\sdk\9.0.100\Microsoft.Common.CurrentVersion.targets(5035,5): warning MSB3026: Could not copy "C:\Karthickkumar Murali\KKS\InvoiceSaaS.Domain\bin\Debug\net8.0\InvoiceSaaS.Domain.dll" to "bin\Debug\net8.0\InvoiceSaaS.Domain.dll". Beginning retry 5 in 1000ms. The process cannot access the file 'C:\Karthickkumar Murali\KKS\InvoiceSaaS.API\bin\Debug\net8.0\InvoiceSaaS.Domain.dll' because it is being used by another process. The file is locked by: "IIS Express Worker Process (28528)" [C:\Karthickkumar Murali\KKS\InvoiceSaaS.API\InvoiceSaaS.API.csproj]
C:\Program Files\dotnet\sdk\9.0.100\Microsoft.Common.CurrentVersion.targets(5035,5): warning MSB3026: Could not copy "C:\Karthickkumar Murali\KKS\InvoiceSaaS.Application\bin\Debug\net8.0\InvoiceSaaS.Application.dll" to "bin\Debug\net8.0\InvoiceSaaS.Application.dll". Beginning retry 5 in 1000ms. The process cannot access the file 'C:\Karthickkumar Murali\KKS\InvoiceSaaS.API\bin\Debug\net8.0\InvoiceSaaS.Application.dll' because it is being used by another process. The file is locked by: "Microsoft Visual Studio 2022 (19224), IIS Express Worker Process (28528)" [C:\Karthickkumar Murali\KKS\InvoiceSaaS.API\InvoiceSaaS.API.csproj]
C:\Program Files\dotnet\sdk\9.0.100\Microsoft.Common.CurrentVersion.targets(5035,5): warning MSB3026: Could not copy "C:\Karthickkumar Murali\KKS\InvoiceSaaS.Infrastructure\bin\Debug\net8.0\InvoiceSaaS.Infrastructure.dll" to "bin\Debug\net8.0\InvoiceSaaS.Infrastructure.dll". Beginning retry 6 in 1000ms. The process cannot access the file 'C:\Karthickkumar Murali\KKS\InvoiceSaaS.API\bin\Debug\net8.0\InvoiceSaaS.Infrastructure.dll' because it is being used by another process. The file is locked by: "IIS Express Worker Process (28528)" [C:\Karthickkumar Murali\KKS\InvoiceSaaS.API\InvoiceSaaS.API.csproj]
C:\Program Files\dotnet\sdk\9.0.100\Microsoft.Common.CurrentVersion.targets(5035,5): warning MSB3026: Could not copy "C:\Karthickkumar Murali\KKS\InvoiceSaaS.Domain\bin\Debug\net8.0\InvoiceSaaS.Domain.dll" to "bin\Debug\net8.0\InvoiceSaaS.Domain.dll". Beginning retry 6 in 1000ms. The process cannot access the file 'C:\Karthickkumar Murali\KKS\InvoiceSaaS.API\bin\Debug\net8.0\InvoiceSaaS.Domain.dll' because it is being used by another process. The file is locked by: "IIS Express Worker Process (28528)" [C:\Karthickkumar Murali\KKS\InvoiceSaaS.API\InvoiceSaaS.API.csproj]
C:\Program Files\dotnet\sdk\9.0.100\Microsoft.Common.CurrentVersion.targets(5035,5): warning MSB3026: Could not copy "C:\Karthickkumar Murali\KKS\InvoiceSaaS.Application\bin\Debug\net8.0\InvoiceSaaS.Application.dll" to "bin\Debug\net8.0\InvoiceSaaS.Application.dll". Beginning retry 6 in 1000ms. The process cannot access the file 'C:\Karthickkumar Murali\KKS\InvoiceSaaS.API\bin\Debug\net8.0\InvoiceSaaS.Application.dll' because it is being used by another process. The file is locked by: "Microsoft Visual Studio 2022 (19224), IIS Express Worker Process (28528)" [C:\Karthickkumar Murali\KKS\InvoiceSaaS.API\InvoiceSaaS.API.csproj]
C:\Program Files\dotnet\sdk\9.0.100\Microsoft.Common.CurrentVersion.targets(5035,5): warning MSB3026: Could not copy "C:\Karthickkumar Murali\KKS\InvoiceSaaS.Infrastructure\bin\Debug\net8.0\InvoiceSaaS.Infrastructure.dll" to "bin\Debug\net8.0\InvoiceSaaS.Infrastructure.dll". Beginning retry 7 in 1000ms. The process cannot access the file 'C:\Karthickkumar Murali\KKS\InvoiceSaaS.API\bin\Debug\net8.0\InvoiceSaaS.Infrastructure.dll' because it is being used by another process. The file is locked by: "IIS Express Worker Process (28528)" [C:\Karthickkumar Murali\KKS\InvoiceSaaS.API\InvoiceSaaS.API.csproj]
C:\Program Files\dotnet\sdk\9.0.100\Microsoft.Common.CurrentVersion.targets(5035,5): warning MSB3026: Could not copy "C:\Karthickkumar Murali\KKS\InvoiceSaaS.Domain\bin\Debug\net8.0\InvoiceSaaS.Domain.dll" to "bin\Debug\net8.0\InvoiceSaaS.Domain.dll". Beginning retry 7 in 1000ms. The process cannot access the file 'C:\Karthickkumar Murali\KKS\InvoiceSaaS.API\bin\Debug\net8.0\InvoiceSaaS.Domain.dll' because it is being used by another process. The file is locked by: "IIS Express Worker Process (28528)" [C:\Karthickkumar Murali\KKS\InvoiceSaaS.API\InvoiceSaaS.API.csproj]
C:\Program Files\dotnet\sdk\9.0.100\Microsoft.Common.CurrentVersion.targets(5035,5): warning MSB3026: Could not copy "C:\Karthickkumar Murali\KKS\InvoiceSaaS.Application\bin\Debug\net8.0\InvoiceSaaS.Application.dll" to "bin\Debug\net8.0\InvoiceSaaS.Application.dll". Beginning retry 7 in 1000ms. The process cannot access the file 'C:\Karthickkumar Murali\KKS\InvoiceSaaS.API\bin\Debug\net8.0\InvoiceSaaS.Application.dll' because it is being used by another process. The file is locked by: "Microsoft Visual Studio 2022 (19224), IIS Express Worker Process (28528)" [C:\Karthickkumar Murali\KKS\InvoiceSaaS.API\InvoiceSaaS.API.csproj]
C:\Program Files\dotnet\sdk\9.0.100\Microsoft.Common.CurrentVersion.targets(5035,5): warning MSB3026: Could not copy "C:\Karthickkumar Murali\KKS\InvoiceSaaS.Infrastructure\bin\Debug\net8.0\InvoiceSaaS.Infrastructure.dll" to "bin\Debug\net8.0\InvoiceSaaS.Infrastructure.dll". Beginning retry 8 in 1000ms. The process cannot access the file 'C:\Karthickkumar Murali\KKS\InvoiceSaaS.API\bin\Debug\net8.0\InvoiceSaaS.Infrastructure.dll' because it is being used by another process. The file is locked by: "IIS Express Worker Process (28528)" [C:\Karthickkumar Murali\KKS\InvoiceSaaS.API\InvoiceSaaS.API.csproj]
C:\Program Files\dotnet\sdk\9.0.100\Microsoft.Common.CurrentVersion.targets(5035,5): warning MSB3026: Could not copy "C:\Karthickkumar Murali\KKS\InvoiceSaaS.Domain\bin\Debug\net8.0\InvoiceSaaS.Domain.dll" to "bin\Debug\net8.0\InvoiceSaaS.Domain.dll". Beginning retry 8 in 1000ms. The process cannot access the file 'C:\Karthickkumar Murali\KKS\InvoiceSaaS.API\bin\Debug\net8.0\InvoiceSaaS.Domain.dll' because it is being used by another process. The file is locked by: "IIS Express Worker Process (28528)" [C:\Karthickkumar Murali\KKS\InvoiceSaaS.API\InvoiceSaaS.API.csproj]
C:\Program Files\dotnet\sdk\9.0.100\Microsoft.Common.CurrentVersion.targets(5035,5): warning MSB3026: Could not copy "C:\Karthickkumar Murali\KKS\InvoiceSaaS.Application\bin\Debug\net8.0\InvoiceSaaS.Application.dll" to "bin\Debug\net8.0\InvoiceSaaS.Application.dll". Beginning retry 8 in 1000ms. The process cannot access the file 'C:\Karthickkumar Murali\KKS\InvoiceSaaS.API\bin\Debug\net8.0\InvoiceSaaS.Application.dll' because it is being used by another process. The file is locked by: "Microsoft Visual Studio 2022 (19224), IIS Express Worker Process (28528)" [C:\Karthickkumar Murali\KKS\InvoiceSaaS.API\InvoiceSaaS.API.csproj]
C:\Program Files\dotnet\sdk\9.0.100\Microsoft.Common.CurrentVersion.targets(5035,5): warning MSB3026: Could not copy "C:\Karthickkumar Murali\KKS\InvoiceSaaS.Infrastructure\bin\Debug\net8.0\InvoiceSaaS.Infrastructure.dll" to "bin\Debug\net8.0\InvoiceSaaS.Infrastructure.dll". Beginning retry 9 in 1000ms. The process cannot access the file 'C:\Karthickkumar Murali\KKS\InvoiceSaaS.API\bin\Debug\net8.0\InvoiceSaaS.Infrastructure.dll' because it is being used by another process. The file is locked by: "IIS Express Worker Process (28528)" [C:\Karthickkumar Murali\KKS\InvoiceSaaS.API\InvoiceSaaS.API.csproj]
C:\Program Files\dotnet\sdk\9.0.100\Microsoft.Common.CurrentVersion.targets(5035,5): warning MSB3026: Could not copy "C:\Karthickkumar Murali\KKS\InvoiceSaaS.Domain\bin\Debug\net8.0\InvoiceSaaS.Domain.dll" to "bin\Debug\net8.0\InvoiceSaaS.Domain.dll". Beginning retry 9 in 1000ms. The process cannot access the file 'C:\Karthickkumar Murali\KKS\InvoiceSaaS.API\bin\Debug\net8.0\InvoiceSaaS.Domain.dll' because it is being used by another process. The file is locked by: "IIS Express Worker Process (28528)" [C:\Karthickkumar Murali\KKS\InvoiceSaaS.API\InvoiceSaaS.API.csproj]
C:\Program Files\dotnet\sdk\9.0.100\Microsoft.Common.CurrentVersion.targets(5035,5): warning MSB3026: Could not copy "C:\Karthickkumar Murali\KKS\InvoiceSaaS.Application\bin\Debug\net8.0\InvoiceSaaS.Application.dll" to "bin\Debug\net8.0\InvoiceSaaS.Application.dll". Beginning retry 9 in 1000ms. The process cannot access the file 'C:\Karthickkumar Murali\KKS\InvoiceSaaS.API\bin\Debug\net8.0\InvoiceSaaS.Application.dll' because it is being used by another process. The file is locked by: "Microsoft Visual Studio 2022 (19224), IIS Express Worker Process (28528)" [C:\Karthickkumar Murali\KKS\InvoiceSaaS.API\InvoiceSaaS.API.csproj]
C:\Program Files\dotnet\sdk\9.0.100\Microsoft.Common.CurrentVersion.targets(5035,5): warning MSB3026: Could not copy "C:\Karthickkumar Murali\KKS\InvoiceSaaS.Infrastructure\bin\Debug\net8.0\InvoiceSaaS.Infrastructure.dll" to "bin\Debug\net8.0\InvoiceSaaS.Infrastructure.dll". Beginning retry 10 in 1000ms. The process cannot access the file 'C:\Karthickkumar Murali\KKS\InvoiceSaaS.API\bin\Debug\net8.0\InvoiceSaaS.Infrastructure.dll' because it is being used by another process. The file is locked by: "IIS Express Worker Process (28528)" [C:\Karthickkumar Murali\KKS\InvoiceSaaS.API\InvoiceSaaS.API.csproj]
C:\Program Files\dotnet\sdk\9.0.100\Microsoft.Common.CurrentVersion.targets(5035,5): warning MSB3026: Could not copy "C:\Karthickkumar Murali\KKS\InvoiceSaaS.Domain\bin\Debug\net8.0\InvoiceSaaS.Domain.dll" to "bin\Debug\net8.0\InvoiceSaaS.Domain.dll". Beginning retry 10 in 1000ms. The process cannot access the file 'C:\Karthickkumar Murali\KKS\InvoiceSaaS.API\bin\Debug\net8.0\InvoiceSaaS.Domain.dll' because it is being used by another process. The file is locked by: "IIS Express Worker Process (28528)" [C:\Karthickkumar Murali\KKS\InvoiceSaaS.API\InvoiceSaaS.API.csproj]
C:\Program Files\dotnet\sdk\9.0.100\Microsoft.Common.CurrentVersion.targets(5035,5): warning MSB3026: Could not copy "C:\Karthickkumar Murali\KKS\InvoiceSaaS.Application\bin\Debug\net8.0\InvoiceSaaS.Application.dll" to "bin\Debug\net8.0\InvoiceSaaS.Application.dll". Beginning retry 10 in 1000ms. The process cannot access the file 'C:\Karthickkumar Murali\KKS\InvoiceSaaS.API\bin\Debug\net8.0\InvoiceSaaS.Application.dll' because it is being used by another process. The file is locked by: "Microsoft Visual Studio 2022 (19224), IIS Express Worker Process (28528)" [C:\Karthickkumar Murali\KKS\InvoiceSaaS.API\InvoiceSaaS.API.csproj]
C:\Program Files\dotnet\sdk\9.0.100\Microsoft.Common.CurrentVersion.targets(5035,5): error MSB3027: Could not copy "C:\Karthickkumar Murali\KKS\InvoiceSaaS.Infrastructure\bin\Debug\net8.0\InvoiceSaaS.Infrastructure.dll" to "bin\Debug\net8.0\InvoiceSaaS.Infrastructure.dll". Exceeded retry count of 10. Failed. The file is locked by: "IIS Express Worker Process (28528)" [C:\Karthickkumar Murali\KKS\InvoiceSaaS.API\InvoiceSaaS.API.csproj]
C:\Program Files\dotnet\sdk\9.0.100\Microsoft.Common.CurrentVersion.targets(5035,5): error MSB3021: Unable to copy file "C:\Karthickkumar Murali\KKS\InvoiceSaaS.Infrastructure\bin\Debug\net8.0\InvoiceSaaS.Infrastructure.dll" to "bin\Debug\net8.0\InvoiceSaaS.Infrastructure.dll". The process cannot access the file 'C:\Karthickkumar Murali\KKS\InvoiceSaaS.API\bin\Debug\net8.0\InvoiceSaaS.Infrastructure.dll' because it is being used by another process. [C:\Karthickkumar Murali\KKS\InvoiceSaaS.API\InvoiceSaaS.API.csproj]
C:\Program Files\dotnet\sdk\9.0.100\Microsoft.Common.CurrentVersion.targets(5035,5): error MSB3027: Could not copy "C:\Karthickkumar Murali\KKS\InvoiceSaaS.Domain\bin\Debug\net8.0\InvoiceSaaS.Domain.dll" to "bin\Debug\net8.0\InvoiceSaaS.Domain.dll". Exceeded retry count of 10. Failed. The file is locked by: "IIS Express Worker Process (28528)" [C:\Karthickkumar Murali\KKS\InvoiceSaaS.API\InvoiceSaaS.API.csproj]
C:\Program Files\dotnet\sdk\9.0.100\Microsoft.Common.CurrentVersion.targets(5035,5): error MSB3021: Unable to copy file "C:\Karthickkumar Murali\KKS\InvoiceSaaS.Domain\bin\Debug\net8.0\InvoiceSaaS.Domain.dll" to "bin\Debug\net8.0\InvoiceSaaS.Domain.dll". The process cannot access the file 'C:\Karthickkumar Murali\KKS\InvoiceSaaS.API\bin\Debug\net8.0\InvoiceSaaS.Domain.dll' because it is being used by another process. [C:\Karthickkumar Murali\KKS\InvoiceSaaS.API\InvoiceSaaS.API.csproj]
C:\Program Files\dotnet\sdk\9.0.100\Microsoft.Common.CurrentVersion.targets(5035,5): error MSB3027: Could not copy "C:\Karthickkumar Murali\KKS\InvoiceSaaS.Application\bin\Debug\net8.0\InvoiceSaaS.Application.dll" to "bin\Debug\net8.0\InvoiceSaaS.Application.dll". Exceeded retry count of 10. Failed. The file is locked by: "Microsoft Visual Studio 2022 (19224), IIS Express Worker Process (28528)" [C:\Karthickkumar Murali\KKS\InvoiceSaaS.API\InvoiceSaaS.API.csproj]
C:\Program Files\dotnet\sdk\9.0.100\Microsoft.Common.CurrentVersion.targets(5035,5): error MSB3021: Unable to copy file "C:\Karthickkumar Murali\KKS\InvoiceSaaS.Application\bin\Debug\net8.0\InvoiceSaaS.Application.dll" to "bin\Debug\net8.0\InvoiceSaaS.Application.dll". The process cannot access the file 'C:\Karthickkumar Murali\KKS\InvoiceSaaS.API\bin\Debug\net8.0\InvoiceSaaS.Application.dll' because it is being used by another process. [C:\Karthickkumar Murali\KKS\InvoiceSaaS.API\InvoiceSaaS.API.csproj]

Build FAILED.

C:\Program Files\dotnet\sdk\9.0.100\Microsoft.Common.CurrentVersion.targets(5035,5): warning MSB3026: Could not copy "C:\Karthickkumar Murali\KKS\InvoiceSaaS.Domain\bin\Debug\net8.0\InvoiceSaaS.Domain.dll" to "bin\Debug\net8.0\InvoiceSaaS.Domain.dll". Beginning retry 1 in 1000ms. The process cannot access the file 'C:\Karthickkumar Murali\KKS\InvoiceSaaS.API\bin\Debug\net8.0\InvoiceSaaS.Domain.dll' because it is being used by another process. The file is locked by: "IIS Express Worker Process (28528)" [C:\Karthickkumar Murali\KKS\InvoiceSaaS.API\InvoiceSaaS.API.csproj]
C:\Program Files\dotnet\sdk\9.0.100\Microsoft.Common.CurrentVersion.targets(5035,5): warning MSB3026: Could not copy "C:\Karthickkumar Murali\KKS\InvoiceSaaS.Application\bin\Debug\net8.0\InvoiceSaaS.Application.dll" to "bin\Debug\net8.0\InvoiceSaaS.Application.dll". Beginning retry 1 in 1000ms. The process cannot access the file 'C:\Karthickkumar Murali\KKS\InvoiceSaaS.API\bin\Debug\net8.0\InvoiceSaaS.Application.dll' because it is being used by another process. The file is locked by: "Microsoft Visual Studio 2022 (19224), IIS Express Worker Process (28528)" [C:\Karthickkumar Murali\KKS\InvoiceSaaS.API\InvoiceSaaS.API.csproj]
C:\Program Files\dotnet\sdk\9.0.100\Microsoft.Common.CurrentVersion.targets(5035,5): warning MSB3026: Could not copy "C:\Karthickkumar Murali\KKS\InvoiceSaaS.Infrastructure\bin\Debug\net8.0\InvoiceSaaS.Infrastructure.dll" to "bin\Debug\net8.0\InvoiceSaaS.Infrastructure.dll". Beginning retry 1 in 1000ms. The process cannot access the file 'C:\Karthickkumar Murali\KKS\InvoiceSaaS.API\bin\Debug\net8.0\InvoiceSaaS.Infrastructure.dll' because it is being used by another process. The file is locked by: "IIS Express Worker Process (28528)" [C:\Karthickkumar Murali\KKS\InvoiceSaaS.API\InvoiceSaaS.API.csproj]
C:\Program Files\dotnet\sdk\9.0.100\Microsoft.Common.CurrentVersion.targets(5035,5): warning MSB3026: Could not copy "C:\Karthickkumar Murali\KKS\InvoiceSaaS.Infrastructure\bin\Debug\net8.0\InvoiceSaaS.Infrastructure.dll" to "bin\Debug\net8.0\InvoiceSaaS.Infrastructure.dll". Beginning retry 2 in 1000ms. The process cannot access the file 'C:\Karthickkumar Murali\KKS\InvoiceSaaS.API\bin\Debug\net8.0\InvoiceSaaS.Infrastructure.dll' because it is being used by another process. The file is locked by: "IIS Express Worker Process (28528)" [C:\Karthickkumar Murali\KKS\InvoiceSaaS.API\InvoiceSaaS.API.csproj]
C:\Program Files\dotnet\sdk\9.0.100\Microsoft.Common.CurrentVersion.targets(5035,5): warning MSB3026: Could not copy "C:\Karthickkumar Murali\KKS\InvoiceSaaS.Domain\bin\Debug\net8.0\InvoiceSaaS.Domain.dll" to "bin\Debug\net8.0\InvoiceSaaS.Domain.dll". Beginning retry 2 in 1000ms. The process cannot access the file 'C:\Karthickkumar Murali\KKS\InvoiceSaaS.API\bin\Debug\net8.0\InvoiceSaaS.Domain.dll' because it is being used by another process. The file is locked by: "IIS Express Worker Process (28528)" [C:\Karthickkumar Murali\KKS\InvoiceSaaS.API\InvoiceSaaS.API.csproj]
C:\Program Files\dotnet\sdk\9.0.100\Microsoft.Common.CurrentVersion.targets(5035,5): warning MSB3026: Could not copy "C:\Karthickkumar Murali\KKS\InvoiceSaaS.Application\bin\Debug\net8.0\InvoiceSaaS.Application.dll" to "bin\Debug\net8.0\InvoiceSaaS.Application.dll". Beginning retry 2 in 1000ms. The process cannot access the file 'C:\Karthickkumar Murali\KKS\InvoiceSaaS.API\bin\Debug\net8.0\InvoiceSaaS.Application.dll' because it is being used by another process. The file is locked by: "Microsoft Visual Studio 2022 (19224), IIS Express Worker Process (28528)" [C:\Karthickkumar Murali\KKS\InvoiceSaaS.API\InvoiceSaaS.API.csproj]
C:\Program Files\dotnet\sdk\9.0.100\Microsoft.Common.CurrentVersion.targets(5035,5): warning MSB3026: Could not copy "C:\Karthickkumar Murali\KKS\InvoiceSaaS.Infrastructure\bin\Debug\net8.0\InvoiceSaaS.Infrastructure.dll" to "bin\Debug\net8.0\InvoiceSaaS.Infrastructure.dll". Beginning retry 3 in 1000ms. The process cannot access the file 'C:\Karthickkumar Murali\KKS\InvoiceSaaS.API\bin\Debug\net8.0\InvoiceSaaS.Infrastructure.dll' because it is being used by another process. The file is locked by: "IIS Express Worker Process (28528)" [C:\Karthickkumar Murali\KKS\InvoiceSaaS.API\InvoiceSaaS.API.csproj]
C:\Program Files\dotnet\sdk\9.0.100\Microsoft.Common.CurrentVersion.targets(5035,5): warning MSB3026: Could not copy "C:\Karthickkumar Murali\KKS\InvoiceSaaS.Domain\bin\Debug\net8.0\InvoiceSaaS.Domain.dll" to "bin\Debug\net8.0\InvoiceSaaS.Domain.dll". Beginning retry 3 in 1000ms. The process cannot access the file 'C:\Karthickkumar Murali\KKS\InvoiceSaaS.API\bin\Debug\net8.0\InvoiceSaaS.Domain.dll' because it is being used by another process. The file is locked by: "IIS Express Worker Process (28528)" [C:\Karthickkumar Murali\KKS\InvoiceSaaS.API\InvoiceSaaS.API.csproj]
C:\Program Files\dotnet\sdk\9.0.100\Microsoft.Common.CurrentVersion.targets(5035,5): warning MSB3026: Could not copy "C:\Karthickkumar Murali\KKS\InvoiceSaaS.Application\bin\Debug\net8.0\InvoiceSaaS.Application.dll" to "bin\Debug\net8.0\InvoiceSaaS.Application.dll". Beginning retry 3 in 1000ms. The process cannot access the file 'C:\Karthickkumar Murali\KKS\InvoiceSaaS.API\bin\Debug\net8.0\InvoiceSaaS.Application.dll' because it is being used by another process. The file is locked by: "Microsoft Visual Studio 2022 (19224), IIS Express Worker Process (28528)" [C:\Karthickkumar Murali\KKS\InvoiceSaaS.API\InvoiceSaaS.API.csproj]
C:\Program Files\dotnet\sdk\9.0.100\Microsoft.Common.CurrentVersion.targets(5035,5): warning MSB3026: Could not copy "C:\Karthickkumar Murali\KKS\InvoiceSaaS.Infrastructure\bin\Debug\net8.0\InvoiceSaaS.Infrastructure.dll" to "bin\Debug\net8.0\InvoiceSaaS.Infrastructure.dll". Beginning retry 4 in 1000ms. The process cannot access the file 'C:\Karthickkumar Murali\KKS\InvoiceSaaS.API\bin\Debug\net8.0\InvoiceSaaS.Infrastructure.dll' because it is being used by another process. The file is locked by: "IIS Express Worker Process (28528)" [C:\Karthickkumar Murali\KKS\InvoiceSaaS.API\InvoiceSaaS.API.csproj]
C:\Program Files\dotnet\sdk\9.0.100\Microsoft.Common.CurrentVersion.targets(5035,5): warning MSB3026: Could not copy "C:\Karthickkumar Murali\KKS\InvoiceSaaS.Domain\bin\Debug\net8.0\InvoiceSaaS.Domain.dll" to "bin\Debug\net8.0\InvoiceSaaS.Domain.dll". Beginning retry 4 in 1000ms. The process cannot access the file 'C:\Karthickkumar Murali\KKS\InvoiceSaaS.API\bin\Debug\net8.0\InvoiceSaaS.Domain.dll' because it is being used by another process. The file is locked by: "IIS Express Worker Process (28528)" [C:\Karthickkumar Murali\KKS\InvoiceSaaS.API\InvoiceSaaS.API.csproj]
C:\Program Files\dotnet\sdk\9.0.100\Microsoft.Common.CurrentVersion.targets(5035,5): warning MSB3026: Could not copy "C:\Karthickkumar Murali\KKS\InvoiceSaaS.Application\bin\Debug\net8.0\InvoiceSaaS.Application.dll" to "bin\Debug\net8.0\InvoiceSaaS.Application.dll". Beginning retry 4 in 1000ms. The process cannot access the file 'C:\Karthickkumar Murali\KKS\InvoiceSaaS.API\bin\Debug\net8.0\InvoiceSaaS.Application.dll' because it is being used by another process. The file is locked by: "Microsoft Visual Studio 2022 (19224), IIS Express Worker Process (28528)" [C:\Karthickkumar Murali\KKS\InvoiceSaaS.API\InvoiceSaaS.API.csproj]
C:\Program Files\dotnet\sdk\9.0.100\Microsoft.Common.CurrentVersion.targets(5035,5): warning MSB3026: Could not copy "C:\Karthickkumar Murali\KKS\InvoiceSaaS.Infrastructure\bin\Debug\net8.0\InvoiceSaaS.Infrastructure.dll" to "bin\Debug\net8.0\InvoiceSaaS.Infrastructure.dll". Beginning retry 5 in 1000ms. The process cannot access the file 'C:\Karthickkumar Murali\KKS\InvoiceSaaS.API\bin\Debug\net8.0\InvoiceSaaS.Infrastructure.dll' because it is being used by another process. The file is locked by: "IIS Express Worker Process (28528)" [C:\Karthickkumar Murali\KKS\InvoiceSaaS.API\InvoiceSaaS.API.csproj]
C:\Program Files\dotnet\sdk\9.0.100\Microsoft.Common.CurrentVersion.targets(5035,5): warning MSB3026: Could not copy "C:\Karthickkumar Murali\KKS\InvoiceSaaS.Domain\bin\Debug\net8.0\InvoiceSaaS.Domain.dll" to "bin\Debug\net8.0\InvoiceSaaS.Domain.dll". Beginning retry 5 in 1000ms. The process cannot access the file 'C:\Karthickkumar Murali\KKS\InvoiceSaaS.API\bin\Debug\net8.0\InvoiceSaaS.Domain.dll' because it is being used by another process. The file is locked by: "IIS Express Worker Process (28528)" [C:\Karthickkumar Murali\KKS\InvoiceSaaS.API\InvoiceSaaS.API.csproj]
C:\Program Files\dotnet\sdk\9.0.100\Microsoft.Common.CurrentVersion.targets(5035,5): warning MSB3026: Could not copy "C:\Karthickkumar Murali\KKS\InvoiceSaaS.Application\bin\Debug\net8.0\InvoiceSaaS.Application.dll" to "bin\Debug\net8.0\InvoiceSaaS.Application.dll". Beginning retry 5 in 1000ms. The process cannot access the file 'C:\Karthickkumar Murali\KKS\InvoiceSaaS.API\bin\Debug\net8.0\InvoiceSaaS.Application.dll' because it is being used by another process. The file is locked by: "Microsoft Visual Studio 2022 (19224), IIS Express Worker Process (28528)" [C:\Karthickkumar Murali\KKS\InvoiceSaaS.API\InvoiceSaaS.API.csproj]
C:\Program Files\dotnet\sdk\9.0.100\Microsoft.Common.CurrentVersion.targets(5035,5): warning MSB3026: Could not copy "C:\Karthickkumar Murali\KKS\InvoiceSaaS.Infrastructure\bin\Debug\net8.0\InvoiceSaaS.Infrastructure.dll" to "bin\Debug\net8.0\InvoiceSaaS.Infrastructure.dll". Beginning retry 6 in 1000ms. The process cannot access the file 'C:\Karthickkumar Murali\KKS\InvoiceSaaS.API\bin\Debug\net8.0\InvoiceSaaS.Infrastructure.dll' because it is being used by another process. The file is locked by: "IIS Express Worker Process (28528)" [C:\Karthickkumar Murali\KKS\InvoiceSaaS.API\InvoiceSaaS.API.csproj]
C:\Program Files\dotnet\sdk\9.0.100\Microsoft.Common.CurrentVersion.targets(5035,5): warning MSB3026: Could not copy "C:\Karthickkumar Murali\KKS\InvoiceSaaS.Domain\bin\Debug\net8.0\InvoiceSaaS.Domain.dll" to "bin\Debug\net8.0\InvoiceSaaS.Domain.dll". Beginning retry 6 in 1000ms. The process cannot access the file 'C:\Karthickkumar Murali\KKS\InvoiceSaaS.API\bin\Debug\net8.0\InvoiceSaaS.Domain.dll' because it is being used by another process. The file is locked by: "IIS Express Worker Process (28528)" [C:\Karthickkumar Murali\KKS\InvoiceSaaS.API\InvoiceSaaS.API.csproj]
C:\Program Files\dotnet\sdk\9.0.100\Microsoft.Common.CurrentVersion.targets(5035,5): warning MSB3026: Could not copy "C:\Karthickkumar Murali\KKS\InvoiceSaaS.Application\bin\Debug\net8.0\InvoiceSaaS.Application.dll" to "bin\Debug\net8.0\InvoiceSaaS.Application.dll". Beginning retry 6 in 1000ms. The process cannot access the file 'C:\Karthickkumar Murali\KKS\InvoiceSaaS.API\bin\Debug\net8.0\InvoiceSaaS.Application.dll' because it is being used by another process. The file is locked by: "Microsoft Visual Studio 2022 (19224), IIS Express Worker Process (28528)" [C:\Karthickkumar Murali\KKS\InvoiceSaaS.API\InvoiceSaaS.API.csproj]
C:\Program Files\dotnet\sdk\9.0.100\Microsoft.Common.CurrentVersion.targets(5035,5): warning MSB3026: Could not copy "C:\Karthickkumar Murali\KKS\InvoiceSaaS.Infrastructure\bin\Debug\net8.0\InvoiceSaaS.Infrastructure.dll" to "bin\Debug\net8.0\InvoiceSaaS.Infrastructure.dll". Beginning retry 7 in 1000ms. The process cannot access the file 'C:\Karthickkumar Murali\KKS\InvoiceSaaS.API\bin\Debug\net8.0\InvoiceSaaS.Infrastructure.dll' because it is being used by another process. The file is locked by: "IIS Express Worker Process (28528)" [C:\Karthickkumar Murali\KKS\InvoiceSaaS.API\InvoiceSaaS.API.csproj]
C:\Program Files\dotnet\sdk\9.0.100\Microsoft.Common.CurrentVersion.targets(5035,5): warning MSB3026: Could not copy "C:\Karthickkumar Murali\KKS\InvoiceSaaS.Domain\bin\Debug\net8.0\InvoiceSaaS.Domain.dll" to "bin\Debug\net8.0\InvoiceSaaS.Domain.dll". Beginning retry 7 in 1000ms. The process cannot access the file 'C:\Karthickkumar Murali\KKS\InvoiceSaaS.API\bin\Debug\net8.0\InvoiceSaaS.Domain.dll' because it is being used by another process. The file is locked by: "IIS Express Worker Process (28528)" [C:\Karthickkumar Murali\KKS\InvoiceSaaS.API\InvoiceSaaS.API.csproj]
C:\Program Files\dotnet\sdk\9.0.100\Microsoft.Common.CurrentVersion.targets(5035,5): warning MSB3026: Could not copy "C:\Karthickkumar Murali\KKS\InvoiceSaaS.Application\bin\Debug\net8.0\InvoiceSaaS.Application.dll" to "bin\Debug\net8.0\InvoiceSaaS.Application.dll". Beginning retry 7 in 1000ms. The process cannot access the file 'C:\Karthickkumar Murali\KKS\InvoiceSaaS.API\bin\Debug\net8.0\InvoiceSaaS.Application.dll' because it is being used by another process. The file is locked by: "Microsoft Visual Studio 2022 (19224), IIS Express Worker Process (28528)" [C:\Karthickkumar Murali\KKS\InvoiceSaaS.API\InvoiceSaaS.API.csproj]
C:\Program Files\dotnet\sdk\9.0.100\Microsoft.Common.CurrentVersion.targets(5035,5): warning MSB3026: Could not copy "C:\Karthickkumar Murali\KKS\InvoiceSaaS.Infrastructure\bin\Debug\net8.0\InvoiceSaaS.Infrastructure.dll" to "bin\Debug\net8.0\InvoiceSaaS.Infrastructure.dll". Beginning retry 8 in 1000ms. The process cannot access the file 'C:\Karthickkumar Murali\KKS\InvoiceSaaS.API\bin\Debug\net8.0\InvoiceSaaS.Infrastructure.dll' because it is being used by another process. The file is locked by: "IIS Express Worker Process (28528)" [C:\Karthickkumar Murali\KKS\InvoiceSaaS.API\InvoiceSaaS.API.csproj]
C:\Program Files\dotnet\sdk\9.0.100\Microsoft.Common.CurrentVersion.targets(5035,5): warning MSB3026: Could not copy "C:\Karthickkumar Murali\KKS\InvoiceSaaS.Domain\bin\Debug\net8.0\InvoiceSaaS.Domain.dll" to "bin\Debug\net8.0\InvoiceSaaS.Domain.dll". Beginning retry 8 in 1000ms. The process cannot access the file 'C:\Karthickkumar Murali\KKS\InvoiceSaaS.API\bin\Debug\net8.0\InvoiceSaaS.Domain.dll' because it is being used by another process. The file is locked by: "IIS Express Worker Process (28528)" [C:\Karthickkumar Murali\KKS\InvoiceSaaS.API\InvoiceSaaS.API.csproj]
C:\Program Files\dotnet\sdk\9.0.100\Microsoft.Common.CurrentVersion.targets(5035,5): warning MSB3026: Could not copy "C:\Karthickkumar Murali\KKS\InvoiceSaaS.Application\bin\Debug\net8.0\InvoiceSaaS.Application.dll" to "bin\Debug\net8.0\InvoiceSaaS.Application.dll". Beginning retry 8 in 1000ms. The process cannot access the file 'C:\Karthickkumar Murali\KKS\InvoiceSaaS.API\bin\Debug\net8.0\InvoiceSaaS.Application.dll' because it is being used by another process. The file is locked by: "Microsoft Visual Studio 2022 (19224), IIS Express Worker Process (28528)" [C:\Karthickkumar Murali\KKS\InvoiceSaaS.API\InvoiceSaaS.API.csproj]
C:\Program Files\dotnet\sdk\9.0.100\Microsoft.Common.CurrentVersion.targets(5035,5): warning MSB3026: Could not copy "C:\Karthickkumar Murali\KKS\InvoiceSaaS.Infrastructure\bin\Debug\net8.0\InvoiceSaaS.Infrastructure.dll" to "bin\Debug\net8.0\InvoiceSaaS.Infrastructure.dll". Beginning retry 9 in 1000ms. The process cannot access the file 'C:\Karthickkumar Murali\KKS\InvoiceSaaS.API\bin\Debug\net8.0\InvoiceSaaS.Infrastructure.dll' because it is being used by another process. The file is locked by: "IIS Express Worker Process (28528)" [C:\Karthickkumar Murali\KKS\InvoiceSaaS.API\InvoiceSaaS.API.csproj]
C:\Program Files\dotnet\sdk\9.0.100\Microsoft.Common.CurrentVersion.targets(5035,5): warning MSB3026: Could not copy "C:\Karthickkumar Murali\KKS\InvoiceSaaS.Domain\bin\Debug\net8.0\InvoiceSaaS.Domain.dll" to "bin\Debug\net8.0\InvoiceSaaS.Domain.dll". Beginning retry 9 in 1000ms. The process cannot access the file 'C:\Karthickkumar Murali\KKS\InvoiceSaaS.API\bin\Debug\net8.0\InvoiceSaaS.Domain.dll' because it is being used by another process. The file is locked by: "IIS Express Worker Process (28528)" [C:\Karthickkumar Murali\KKS\InvoiceSaaS.API\InvoiceSaaS.API.csproj]
C:\Program Files\dotnet\sdk\9.0.100\Microsoft.Common.CurrentVersion.targets(5035,5): warning MSB3026: Could not copy "C:\Karthickkumar Murali\KKS\InvoiceSaaS.Application\bin\Debug\net8.0\InvoiceSaaS.Application.dll" to "bin\Debug\net8.0\InvoiceSaaS.Application.dll". Beginning retry 9 in 1000ms. The process cannot access the file 'C:\Karthickkumar Murali\KKS\InvoiceSaaS.API\bin\Debug\net8.0\InvoiceSaaS.Application.dll' because it is being used by another process. The file is locked by: "Microsoft Visual Studio 2022 (19224), IIS Express Worker Process (28528)" [C:\Karthickkumar Murali\KKS\InvoiceSaaS.API\InvoiceSaaS.API.csproj]
C:\Program Files\dotnet\sdk\9.0.100\Microsoft.Common.CurrentVersion.targets(5035,5): warning MSB3026: Could not copy "C:\Karthickkumar Murali\KKS\InvoiceSaaS.Infrastructure\bin\Debug\net8.0\InvoiceSaaS.Infrastructure.dll" to "bin\Debug\net8.0\InvoiceSaaS.Infrastructure.dll". Beginning retry 10 in 1000ms. The process cannot access the file 'C:\Karthickkumar Murali\KKS\InvoiceSaaS.API\bin\Debug\net8.0\InvoiceSaaS.Infrastructure.dll' because it is being used by another process. The file is locked by: "IIS Express Worker Process (28528)" [C:\Karthickkumar Murali\KKS\InvoiceSaaS.API\InvoiceSaaS.API.csproj]
C:\Program Files\dotnet\sdk\9.0.100\Microsoft.Common.CurrentVersion.targets(5035,5): warning MSB3026: Could not copy "C:\Karthickkumar Murali\KKS\InvoiceSaaS.Domain\bin\Debug\net8.0\InvoiceSaaS.Domain.dll" to "bin\Debug\net8.0\InvoiceSaaS.Domain.dll". Beginning retry 10 in 1000ms. The process cannot access the file 'C:\Karthickkumar Murali\KKS\InvoiceSaaS.API\bin\Debug\net8.0\InvoiceSaaS.Domain.dll' because it is being used by another process. The file is locked by: "IIS Express Worker Process (28528)" [C:\Karthickkumar Murali\KKS\InvoiceSaaS.API\InvoiceSaaS.API.csproj]
C:\Program Files\dotnet\sdk\9.0.100\Microsoft.Common.CurrentVersion.targets(5035,5): warning MSB3026: Could not copy "C:\Karthickkumar Murali\KKS\InvoiceSaaS.Application\bin\Debug\net8.0\InvoiceSaaS.Application.dll" to "bin\Debug\net8.0\InvoiceSaaS.Application.dll". Beginning retry 10 in 1000ms. The process cannot access the file 'C:\Karthickkumar Murali\KKS\InvoiceSaaS.API\bin\Debug\net8.0\InvoiceSaaS.Application.dll' because it is being used by another process. The file is locked by: "Microsoft Visual Studio 2022 (19224), IIS Express Worker Process (28528)" [C:\Karthickkumar Murali\KKS\InvoiceSaaS.API\InvoiceSaaS.API.csproj]
C:\Program Files\dotnet\sdk\9.0.100\Microsoft.Common.CurrentVersion.targets(5035,5): error MSB3027: Could not copy "C:\Karthickkumar Murali\KKS\InvoiceSaaS.Infrastructure\bin\Debug\net8.0\InvoiceSaaS.Infrastructure.dll" to "bin\Debug\net8.0\InvoiceSaaS.Infrastructure.dll". Exceeded retry count of 10. Failed. The file is locked by: "IIS Express Worker Process (28528)" [C:\Karthickkumar Murali\KKS\InvoiceSaaS.API\InvoiceSaaS.API.csproj]
C:\Program Files\dotnet\sdk\9.0.100\Microsoft.Common.CurrentVersion.targets(5035,5): error MSB3021: Unable to copy file "C:\Karthickkumar Murali\KKS\InvoiceSaaS.Infrastructure\bin\Debug\net8.0\InvoiceSaaS.Infrastructure.dll" to "bin\Debug\net8.0\InvoiceSaaS.Infrastructure.dll". The process cannot access the file 'C:\Karthickkumar Murali\KKS\InvoiceSaaS.API\bin\Debug\net8.0\InvoiceSaaS.Infrastructure.dll' because it is being used by another process. [C:\Karthickkumar Murali\KKS\InvoiceSaaS.API\InvoiceSaaS.API.csproj]
C:\Program Files\dotnet\sdk\9.0.100\Microsoft.Common.CurrentVersion.targets(5035,5): error MSB3027: Could not copy "C:\Karthickkumar Murali\KKS\InvoiceSaaS.Domain\bin\Debug\net8.0\InvoiceSaaS.Domain.dll" to "bin\Debug\net8.0\InvoiceSaaS.Domain.dll". Exceeded retry count of 10. Failed. The file is locked by: "IIS Express Worker Process (28528)" [C:\Karthickkumar Murali\KKS\InvoiceSaaS.API\InvoiceSaaS.API.csproj]
C:\Program Files\dotnet\sdk\9.0.100\Microsoft.Common.CurrentVersion.targets(5035,5): error MSB3021: Unable to copy file "C:\Karthickkumar Murali\KKS\InvoiceSaaS.Domain\bin\Debug\net8.0\InvoiceSaaS.Domain.dll" to "bin\Debug\net8.0\InvoiceSaaS.Domain.dll". The process cannot access the file 'C:\Karthickkumar Murali\KKS\InvoiceSaaS.API\bin\Debug\net8.0\InvoiceSaaS.Domain.dll' because it is being used by another process. [C:\Karthickkumar Murali\KKS\InvoiceSaaS.API\InvoiceSaaS.API.csproj]
C:\Program Files\dotnet\sdk\9.0.100\Microsoft.Common.CurrentVersion.targets(5035,5): error MSB3027: Could not copy "C:\Karthickkumar Murali\KKS\InvoiceSaaS.Application\bin\Debug\net8.0\InvoiceSaaS.Application.dll" to "bin\Debug\net8.0\InvoiceSaaS.Application.dll". Exceeded retry count of 10. Failed. The file is locked by: "Microsoft Visual Studio 2022 (19224), IIS Express Worker Process (28528)" [C:\Karthickkumar Murali\KKS\InvoiceSaaS.API\InvoiceSaaS.API.csproj]
C:\Program Files\dotnet\sdk\9.0.100\Microsoft.Common.CurrentVersion.targets(5035,5): error MSB3021: Unable to copy file "C:\Karthickkumar Murali\KKS\InvoiceSaaS.Application\bin\Debug\net8.0\InvoiceSaaS.Application.dll" to "bin\Debug\net8.0\InvoiceSaaS.Application.dll". The process cannot access the file 'C:\Karthickkumar Murali\KKS\InvoiceSaaS.API\bin\Debug\net8.0\InvoiceSaaS.Application.dll' because it is being used by another process. [C:\Karthickkumar Murali\KKS\InvoiceSaaS.API\InvoiceSaaS.API.csproj]
    30 Warning(s)
    6 Error(s)

Time Elapsed 00:00:13.87
