  Determining projects to restore...
  Restored c:\Karthickkumar Murali\KKS\InvoiceSaaS.Domain\InvoiceSaaS.Domain.csproj (in 212 ms).
  Restored c:\Karthickkumar Murali\KKS\InvoiceSaaS.Application\InvoiceSaaS.Application.csproj (in 478 ms).
  Restored C:\Karthickkumar Murali\KKS\InvoiceSaaS.Infrastructure\InvoiceSaaS.Infrastructure.csproj (in 530 ms).
  Restored c:\Karthickkumar Murali\KKS\InvoiceSaaS.API\InvoiceSaaS.API.csproj (in 530 ms).
  Restored c:\Karthickkumar Murali\KKS\InvoiceSaaS.Tests\InvoiceSaaS.Tests.csproj (in 545 ms).
  InvoiceSaaS.Domain -> C:\Karthickkumar Murali\KKS\InvoiceSaaS.Domain\bin\Debug\net9.0\InvoiceSaaS.Domain.dll
  InvoiceSaaS.Application -> c:\Karthickkumar Murali\KKS\InvoiceSaaS.Application\bin\Debug\net9.0\InvoiceSaaS.Application.dll
  InvoiceSaaS.Infrastructure -> C:\Karthickkumar Murali\KKS\InvoiceSaaS.Infrastructure\bin\Debug\net9.0\InvoiceSaaS.Infrastructure.dll
  InvoiceSaaS.API -> c:\Karthickkumar Murali\KKS\InvoiceSaaS.API\bin\Debug\net9.0\InvoiceSaaS.API.dll
c:\Karthickkumar Murali\KKS\InvoiceSaaS.Tests\Domain\InvoiceLogicTests.cs(16,24): error CS1729: 'InvoiceItem' does not contain a constructor that takes 6 arguments [c:\Karthickkumar Murali\KKS\InvoiceSaaS.Tests\InvoiceSaaS.Tests.csproj]
c:\Karthickkumar Murali\KKS\InvoiceSaaS.Tests\Application\InvoiceServiceTests.cs(24,27): error CS7036: There is no argument given that corresponds to the required parameter 'taxRepository' of 'InvoiceService.InvoiceService(IInvoiceRepository, IGenericRepository<Customer>, IGenericRepository<Company>, IActivityLogRepository, IGenericRepository<InvoiceSettings>, IGenericRepository<TaxDefinition>, ITenantProvider, IUnitOfWork)' [c:\Karthickkumar Murali\KKS\InvoiceSaaS.Tests\InvoiceSaaS.Tests.csproj]
c:\Karthickkumar Murali\KKS\InvoiceSaaS.Tests\Domain\InvoiceLogicTests.cs(31,25): error CS1729: 'InvoiceItem' does not contain a constructor that takes 6 arguments [c:\Karthickkumar Murali\KKS\InvoiceSaaS.Tests\InvoiceSaaS.Tests.csproj]
c:\Karthickkumar Murali\KKS\InvoiceSaaS.Tests\Domain\InvoiceLogicTests.cs(32,25): error CS1729: 'InvoiceItem' does not contain a constructor that takes 6 arguments [c:\Karthickkumar Murali\KKS\InvoiceSaaS.Tests\InvoiceSaaS.Tests.csproj]
c:\Karthickkumar Murali\KKS\InvoiceSaaS.Tests\Services\TemplateServiceTests.cs(32,44): error CS0854: An expression tree may not contain a call or invocation that uses optional arguments [c:\Karthickkumar Murali\KKS\InvoiceSaaS.Tests\InvoiceSaaS.Tests.csproj]
c:\Karthickkumar Murali\KKS\InvoiceSaaS.Tests\Services\CustomerServiceTests.cs(39,44): error CS0854: An expression tree may not contain a call or invocation that uses optional arguments [c:\Karthickkumar Murali\KKS\InvoiceSaaS.Tests\InvoiceSaaS.Tests.csproj]
c:\Karthickkumar Murali\KKS\InvoiceSaaS.Tests\Domain\InvoiceLogicTests.cs(47,24): error CS1729: 'InvoiceItem' does not contain a constructor that takes 6 arguments [c:\Karthickkumar Murali\KKS\InvoiceSaaS.Tests\InvoiceSaaS.Tests.csproj]
c:\Karthickkumar Murali\KKS\InvoiceSaaS.Tests\Services\ProductServiceTests.cs(39,43): error CS0854: An expression tree may not contain a call or invocation that uses optional arguments [c:\Karthickkumar Murali\KKS\InvoiceSaaS.Tests\InvoiceSaaS.Tests.csproj]
c:\Karthickkumar Murali\KKS\InvoiceSaaS.Tests\Services\TemplateServiceTests.cs(46,44): error CS0854: An expression tree may not contain a call or invocation that uses optional arguments [c:\Karthickkumar Murali\KKS\InvoiceSaaS.Tests\InvoiceSaaS.Tests.csproj]
c:\Karthickkumar Murali\KKS\InvoiceSaaS.Tests\Domain\InvoiceLogicTests.cs(65,24): error CS1729: 'InvoiceItem' does not contain a constructor that takes 6 arguments [c:\Karthickkumar Murali\KKS\InvoiceSaaS.Tests\InvoiceSaaS.Tests.csproj]
c:\Karthickkumar Murali\KKS\InvoiceSaaS.Tests\Services\CustomerServiceTests.cs(53,44): error CS0854: An expression tree may not contain a call or invocation that uses optional arguments [c:\Karthickkumar Murali\KKS\InvoiceSaaS.Tests\InvoiceSaaS.Tests.csproj]
c:\Karthickkumar Murali\KKS\InvoiceSaaS.Tests\Services\ProductServiceTests.cs(53,43): error CS0854: An expression tree may not contain a call or invocation that uses optional arguments [c:\Karthickkumar Murali\KKS\InvoiceSaaS.Tests\InvoiceSaaS.Tests.csproj]
c:\Karthickkumar Murali\KKS\InvoiceSaaS.Tests\Services\TemplateServiceTests.cs(62,44): error CS0854: An expression tree may not contain a call or invocation that uses optional arguments [c:\Karthickkumar Murali\KKS\InvoiceSaaS.Tests\InvoiceSaaS.Tests.csproj]
c:\Karthickkumar Murali\KKS\InvoiceSaaS.Tests\Services\TemplateServiceTests.cs(69,45): error CS0854: An expression tree may not contain a call or invocation that uses optional arguments [c:\Karthickkumar Murali\KKS\InvoiceSaaS.Tests\InvoiceSaaS.Tests.csproj]
c:\Karthickkumar Murali\KKS\InvoiceSaaS.Tests\Services\CustomerServiceTests.cs(70,43): error CS0854: An expression tree may not contain a call or invocation that uses optional arguments [c:\Karthickkumar Murali\KKS\InvoiceSaaS.Tests\InvoiceSaaS.Tests.csproj]
c:\Karthickkumar Murali\KKS\InvoiceSaaS.Tests\Services\CustomerServiceTests.cs(71,44): error CS0854: An expression tree may not contain a call or invocation that uses optional arguments [c:\Karthickkumar Murali\KKS\InvoiceSaaS.Tests\InvoiceSaaS.Tests.csproj]
c:\Karthickkumar Murali\KKS\InvoiceSaaS.Tests\Services\CustomerServiceTests.cs(78,45): error CS0854: An expression tree may not contain a call or invocation that uses optional arguments [c:\Karthickkumar Murali\KKS\InvoiceSaaS.Tests\InvoiceSaaS.Tests.csproj]
c:\Karthickkumar Murali\KKS\InvoiceSaaS.Tests\Services\ProductServiceTests.cs(72,43): error CS0854: An expression tree may not contain a call or invocation that uses optional arguments [c:\Karthickkumar Murali\KKS\InvoiceSaaS.Tests\InvoiceSaaS.Tests.csproj]
c:\Karthickkumar Murali\KKS\InvoiceSaaS.Tests\Services\ProductServiceTests.cs(73,43): error CS0854: An expression tree may not contain a call or invocation that uses optional arguments [c:\Karthickkumar Murali\KKS\InvoiceSaaS.Tests\InvoiceSaaS.Tests.csproj]
c:\Karthickkumar Murali\KKS\InvoiceSaaS.Tests\Services\ProductServiceTests.cs(80,44): error CS0854: An expression tree may not contain a call or invocation that uses optional arguments [c:\Karthickkumar Murali\KKS\InvoiceSaaS.Tests\InvoiceSaaS.Tests.csproj]
c:\Karthickkumar Murali\KKS\InvoiceSaaS.Tests\Services\CustomerServiceTests.cs(88,44): error CS0854: An expression tree may not contain a call or invocation that uses optional arguments [c:\Karthickkumar Murali\KKS\InvoiceSaaS.Tests\InvoiceSaaS.Tests.csproj]
c:\Karthickkumar Murali\KKS\InvoiceSaaS.Tests\Services\TemplateServiceTests.cs(96,44): error CS0854: An expression tree may not contain a call or invocation that uses optional arguments [c:\Karthickkumar Murali\KKS\InvoiceSaaS.Tests\InvoiceSaaS.Tests.csproj]
c:\Karthickkumar Murali\KKS\InvoiceSaaS.Tests\Services\ProductServiceTests.cs(90,43): error CS0854: An expression tree may not contain a call or invocation that uses optional arguments [c:\Karthickkumar Murali\KKS\InvoiceSaaS.Tests\InvoiceSaaS.Tests.csproj]
c:\Karthickkumar Murali\KKS\InvoiceSaaS.Tests\Services\TemplateServiceTests.cs(109,44): error CS0854: An expression tree may not contain a call or invocation that uses optional arguments [c:\Karthickkumar Murali\KKS\InvoiceSaaS.Tests\InvoiceSaaS.Tests.csproj]
c:\Karthickkumar Murali\KKS\InvoiceSaaS.Tests\Services\CustomerServiceTests.cs(101,44): error CS0854: An expression tree may not contain a call or invocation that uses optional arguments [c:\Karthickkumar Murali\KKS\InvoiceSaaS.Tests\InvoiceSaaS.Tests.csproj]
c:\Karthickkumar Murali\KKS\InvoiceSaaS.Tests\Services\ProductServiceTests.cs(103,43): error CS0854: An expression tree may not contain a call or invocation that uses optional arguments [c:\Karthickkumar Murali\KKS\InvoiceSaaS.Tests\InvoiceSaaS.Tests.csproj]
c:\Karthickkumar Murali\KKS\InvoiceSaaS.Tests\Services\TemplateServiceTests.cs(125,44): error CS0854: An expression tree may not contain a call or invocation that uses optional arguments [c:\Karthickkumar Murali\KKS\InvoiceSaaS.Tests\InvoiceSaaS.Tests.csproj]
c:\Karthickkumar Murali\KKS\InvoiceSaaS.Tests\Services\CustomerServiceTests.cs(117,44): error CS0854: An expression tree may not contain a call or invocation that uses optional arguments [c:\Karthickkumar Murali\KKS\InvoiceSaaS.Tests\InvoiceSaaS.Tests.csproj]
c:\Karthickkumar Murali\KKS\InvoiceSaaS.Tests\Services\ProductServiceTests.cs(121,43): error CS0854: An expression tree may not contain a call or invocation that uses optional arguments [c:\Karthickkumar Murali\KKS\InvoiceSaaS.Tests\InvoiceSaaS.Tests.csproj]
c:\Karthickkumar Murali\KKS\InvoiceSaaS.Tests\Services\CustomerServiceTests.cs(129,44): error CS0854: An expression tree may not contain a call or invocation that uses optional arguments [c:\Karthickkumar Murali\KKS\InvoiceSaaS.Tests\InvoiceSaaS.Tests.csproj]
c:\Karthickkumar Murali\KKS\InvoiceSaaS.Tests\Services\TemplateServiceTests.cs(137,44): error CS0854: An expression tree may not contain a call or invocation that uses optional arguments [c:\Karthickkumar Murali\KKS\InvoiceSaaS.Tests\InvoiceSaaS.Tests.csproj]
c:\Karthickkumar Murali\KKS\InvoiceSaaS.Tests\Services\ProductServiceTests.cs(133,43): error CS0854: An expression tree may not contain a call or invocation that uses optional arguments [c:\Karthickkumar Murali\KKS\InvoiceSaaS.Tests\InvoiceSaaS.Tests.csproj]

Build FAILED.

c:\Karthickkumar Murali\KKS\InvoiceSaaS.Tests\Domain\InvoiceLogicTests.cs(16,24): error CS1729: 'InvoiceItem' does not contain a constructor that takes 6 arguments [c:\Karthickkumar Murali\KKS\InvoiceSaaS.Tests\InvoiceSaaS.Tests.csproj]
c:\Karthickkumar Murali\KKS\InvoiceSaaS.Tests\Application\InvoiceServiceTests.cs(24,27): error CS7036: There is no argument given that corresponds to the required parameter 'taxRepository' of 'InvoiceService.InvoiceService(IInvoiceRepository, IGenericRepository<Customer>, IGenericRepository<Company>, IActivityLogRepository, IGenericRepository<InvoiceSettings>, IGenericRepository<TaxDefinition>, ITenantProvider, IUnitOfWork)' [c:\Karthickkumar Murali\KKS\InvoiceSaaS.Tests\InvoiceSaaS.Tests.csproj]
c:\Karthickkumar Murali\KKS\InvoiceSaaS.Tests\Domain\InvoiceLogicTests.cs(31,25): error CS1729: 'InvoiceItem' does not contain a constructor that takes 6 arguments [c:\Karthickkumar Murali\KKS\InvoiceSaaS.Tests\InvoiceSaaS.Tests.csproj]
c:\Karthickkumar Murali\KKS\InvoiceSaaS.Tests\Domain\InvoiceLogicTests.cs(32,25): error CS1729: 'InvoiceItem' does not contain a constructor that takes 6 arguments [c:\Karthickkumar Murali\KKS\InvoiceSaaS.Tests\InvoiceSaaS.Tests.csproj]
c:\Karthickkumar Murali\KKS\InvoiceSaaS.Tests\Services\TemplateServiceTests.cs(32,44): error CS0854: An expression tree may not contain a call or invocation that uses optional arguments [c:\Karthickkumar Murali\KKS\InvoiceSaaS.Tests\InvoiceSaaS.Tests.csproj]
c:\Karthickkumar Murali\KKS\InvoiceSaaS.Tests\Services\CustomerServiceTests.cs(39,44): error CS0854: An expression tree may not contain a call or invocation that uses optional arguments [c:\Karthickkumar Murali\KKS\InvoiceSaaS.Tests\InvoiceSaaS.Tests.csproj]
c:\Karthickkumar Murali\KKS\InvoiceSaaS.Tests\Domain\InvoiceLogicTests.cs(47,24): error CS1729: 'InvoiceItem' does not contain a constructor that takes 6 arguments [c:\Karthickkumar Murali\KKS\InvoiceSaaS.Tests\InvoiceSaaS.Tests.csproj]
c:\Karthickkumar Murali\KKS\InvoiceSaaS.Tests\Services\ProductServiceTests.cs(39,43): error CS0854: An expression tree may not contain a call or invocation that uses optional arguments [c:\Karthickkumar Murali\KKS\InvoiceSaaS.Tests\InvoiceSaaS.Tests.csproj]
c:\Karthickkumar Murali\KKS\InvoiceSaaS.Tests\Services\TemplateServiceTests.cs(46,44): error CS0854: An expression tree may not contain a call or invocation that uses optional arguments [c:\Karthickkumar Murali\KKS\InvoiceSaaS.Tests\InvoiceSaaS.Tests.csproj]
c:\Karthickkumar Murali\KKS\InvoiceSaaS.Tests\Domain\InvoiceLogicTests.cs(65,24): error CS1729: 'InvoiceItem' does not contain a constructor that takes 6 arguments [c:\Karthickkumar Murali\KKS\InvoiceSaaS.Tests\InvoiceSaaS.Tests.csproj]
c:\Karthickkumar Murali\KKS\InvoiceSaaS.Tests\Services\CustomerServiceTests.cs(53,44): error CS0854: An expression tree may not contain a call or invocation that uses optional arguments [c:\Karthickkumar Murali\KKS\InvoiceSaaS.Tests\InvoiceSaaS.Tests.csproj]
c:\Karthickkumar Murali\KKS\InvoiceSaaS.Tests\Services\ProductServiceTests.cs(53,43): error CS0854: An expression tree may not contain a call or invocation that uses optional arguments [c:\Karthickkumar Murali\KKS\InvoiceSaaS.Tests\InvoiceSaaS.Tests.csproj]
c:\Karthickkumar Murali\KKS\InvoiceSaaS.Tests\Services\TemplateServiceTests.cs(62,44): error CS0854: An expression tree may not contain a call or invocation that uses optional arguments [c:\Karthickkumar Murali\KKS\InvoiceSaaS.Tests\InvoiceSaaS.Tests.csproj]
c:\Karthickkumar Murali\KKS\InvoiceSaaS.Tests\Services\TemplateServiceTests.cs(69,45): error CS0854: An expression tree may not contain a call or invocation that uses optional arguments [c:\Karthickkumar Murali\KKS\InvoiceSaaS.Tests\InvoiceSaaS.Tests.csproj]
c:\Karthickkumar Murali\KKS\InvoiceSaaS.Tests\Services\CustomerServiceTests.cs(70,43): error CS0854: An expression tree may not contain a call or invocation that uses optional arguments [c:\Karthickkumar Murali\KKS\InvoiceSaaS.Tests\InvoiceSaaS.Tests.csproj]
c:\Karthickkumar Murali\KKS\InvoiceSaaS.Tests\Services\CustomerServiceTests.cs(71,44): error CS0854: An expression tree may not contain a call or invocation that uses optional arguments [c:\Karthickkumar Murali\KKS\InvoiceSaaS.Tests\InvoiceSaaS.Tests.csproj]
c:\Karthickkumar Murali\KKS\InvoiceSaaS.Tests\Services\CustomerServiceTests.cs(78,45): error CS0854: An expression tree may not contain a call or invocation that uses optional arguments [c:\Karthickkumar Murali\KKS\InvoiceSaaS.Tests\InvoiceSaaS.Tests.csproj]
c:\Karthickkumar Murali\KKS\InvoiceSaaS.Tests\Services\ProductServiceTests.cs(72,43): error CS0854: An expression tree may not contain a call or invocation that uses optional arguments [c:\Karthickkumar Murali\KKS\InvoiceSaaS.Tests\InvoiceSaaS.Tests.csproj]
c:\Karthickkumar Murali\KKS\InvoiceSaaS.Tests\Services\ProductServiceTests.cs(73,43): error CS0854: An expression tree may not contain a call or invocation that uses optional arguments [c:\Karthickkumar Murali\KKS\InvoiceSaaS.Tests\InvoiceSaaS.Tests.csproj]
c:\Karthickkumar Murali\KKS\InvoiceSaaS.Tests\Services\ProductServiceTests.cs(80,44): error CS0854: An expression tree may not contain a call or invocation that uses optional arguments [c:\Karthickkumar Murali\KKS\InvoiceSaaS.Tests\InvoiceSaaS.Tests.csproj]
c:\Karthickkumar Murali\KKS\InvoiceSaaS.Tests\Services\CustomerServiceTests.cs(88,44): error CS0854: An expression tree may not contain a call or invocation that uses optional arguments [c:\Karthickkumar Murali\KKS\InvoiceSaaS.Tests\InvoiceSaaS.Tests.csproj]
c:\Karthickkumar Murali\KKS\InvoiceSaaS.Tests\Services\TemplateServiceTests.cs(96,44): error CS0854: An expression tree may not contain a call or invocation that uses optional arguments [c:\Karthickkumar Murali\KKS\InvoiceSaaS.Tests\InvoiceSaaS.Tests.csproj]
c:\Karthickkumar Murali\KKS\InvoiceSaaS.Tests\Services\ProductServiceTests.cs(90,43): error CS0854: An expression tree may not contain a call or invocation that uses optional arguments [c:\Karthickkumar Murali\KKS\InvoiceSaaS.Tests\InvoiceSaaS.Tests.csproj]
c:\Karthickkumar Murali\KKS\InvoiceSaaS.Tests\Services\TemplateServiceTests.cs(109,44): error CS0854: An expression tree may not contain a call or invocation that uses optional arguments [c:\Karthickkumar Murali\KKS\InvoiceSaaS.Tests\InvoiceSaaS.Tests.csproj]
c:\Karthickkumar Murali\KKS\InvoiceSaaS.Tests\Services\CustomerServiceTests.cs(101,44): error CS0854: An expression tree may not contain a call or invocation that uses optional arguments [c:\Karthickkumar Murali\KKS\InvoiceSaaS.Tests\InvoiceSaaS.Tests.csproj]
c:\Karthickkumar Murali\KKS\InvoiceSaaS.Tests\Services\ProductServiceTests.cs(103,43): error CS0854: An expression tree may not contain a call or invocation that uses optional arguments [c:\Karthickkumar Murali\KKS\InvoiceSaaS.Tests\InvoiceSaaS.Tests.csproj]
c:\Karthickkumar Murali\KKS\InvoiceSaaS.Tests\Services\TemplateServiceTests.cs(125,44): error CS0854: An expression tree may not contain a call or invocation that uses optional arguments [c:\Karthickkumar Murali\KKS\InvoiceSaaS.Tests\InvoiceSaaS.Tests.csproj]
c:\Karthickkumar Murali\KKS\InvoiceSaaS.Tests\Services\CustomerServiceTests.cs(117,44): error CS0854: An expression tree may not contain a call or invocation that uses optional arguments [c:\Karthickkumar Murali\KKS\InvoiceSaaS.Tests\InvoiceSaaS.Tests.csproj]
c:\Karthickkumar Murali\KKS\InvoiceSaaS.Tests\Services\ProductServiceTests.cs(121,43): error CS0854: An expression tree may not contain a call or invocation that uses optional arguments [c:\Karthickkumar Murali\KKS\InvoiceSaaS.Tests\InvoiceSaaS.Tests.csproj]
c:\Karthickkumar Murali\KKS\InvoiceSaaS.Tests\Services\CustomerServiceTests.cs(129,44): error CS0854: An expression tree may not contain a call or invocation that uses optional arguments [c:\Karthickkumar Murali\KKS\InvoiceSaaS.Tests\InvoiceSaaS.Tests.csproj]
c:\Karthickkumar Murali\KKS\InvoiceSaaS.Tests\Services\TemplateServiceTests.cs(137,44): error CS0854: An expression tree may not contain a call or invocation that uses optional arguments [c:\Karthickkumar Murali\KKS\InvoiceSaaS.Tests\InvoiceSaaS.Tests.csproj]
c:\Karthickkumar Murali\KKS\InvoiceSaaS.Tests\Services\ProductServiceTests.cs(133,43): error CS0854: An expression tree may not contain a call or invocation that uses optional arguments [c:\Karthickkumar Murali\KKS\InvoiceSaaS.Tests\InvoiceSaaS.Tests.csproj]
    0 Warning(s)
    32 Error(s)

Time Elapsed 00:00:07.22
